============================================================
鍋ュ悍妯″潡鍔熻兘娴嬭瘯
============================================================

1. 鍒濆鍖栨暟鎹簱...

2. 鎻掑叆妯℃嫙鏁版嵁锛堟渶杩?灏忔椂鑱氬悎鏁版嵁锛?..
   宸叉彃鍏?120 鏉¤仛鍚堟暟鎹偣

3. 杩愯鍋ュ悍搴﹁瘎浼板紩鎿?..

4. 鍋ュ悍搴﹁瘎鍒嗙粨鏋?
   瀛愮郴缁?             璇勫垎       鏉冮噸      
   ------------------------------------
   combustion       73.1     0.3     
   steam_water      68.3     0.25    
   emission         19.6     0.25    
   efficiency       58.0     0.2     
   ------------------------------------
   鎬诲仴搴峰害             55.5     (鍔犳潈骞冲潎)  
   楠岃瘉鍔犳潈鍜? 55.5

5. 鍚勫瓙绯荤粺缁村害璇︽儏:

   [鐕冪儳绯荤粺]
      鎺掔儫娓╁害鍋忓樊: 0
      O2鍋忓樊: 23.1
      CO绐佸崌棰戠巼: 25.0
      椋炵伆鍚⒊閲? 25.0

   [姹芥按绯荤粺]
      涓绘苯娓╂尝鍔? 22.6
      姹藉寘姘翠綅娉㈠姩: 21.5
      缁欐按-钂告苯鍋忓樊: 24.2
      杩囩儹鍣ㄦ俯宸? 0

   [鎺掓斁绯荤粺]
      姘哀鍖栫墿鍗犳瘮: 4.1
      浜屾哀鍖栫～鍗犳瘮: 6.3
      涓€姘у寲纰冲崰姣? 0.0
      绮夊皹鍗犳瘮: 9.2

   [鏁翠綋鏁堢巼]
      褰撳墠鏁堢巼: 90.8
      鏈€浼樻晥鐜? 95.0
      鏁堢巼姣斿€? 0.956

6. 瓒嬪娍棰勬祴缁撴灉:

   [涓昏捀姹芥俯搴?(鈩?]
      瓒嬪娍鏂瑰悜: 骞崇ǔ (鏂滅巼=-0.0003)
      褰撳墠鍊? 540.5
      鍘嗗彶鐐规暟: 462
      棰勬祴鐐规暟: 30
      缃俊鍖洪棿: 娈嬪樊卤1.43
      鉁?30鍒嗛挓鍐呬笉浼氳秴鏍?

   [鎺掔儫娓╁害 (鈩?]
      瓒嬪娍鏂瑰悜: 骞崇ǔ (鏂滅巼=0.0219)
      褰撳墠鍊? 186
      鍘嗗彶鐐规暟: 462
      棰勬祴鐐规暟: 30
      缃俊鍖洪棿: 娈嬪樊卤10.75
      鉁?30鍒嗛挓鍐呬笉浼氳秴鏍?

   [NOx娴撳害 (mg/m鲁)]
      瓒嬪娍鏂瑰悜: 骞崇ǔ (鏂滅巼=-0.0038)
      褰撳墠鍊? 71.2
      鍘嗗彶鐐规暟: 462
      棰勬祴鐐规暟: 30
      缃俊鍖洪棿: 娈嬪樊卤8.44
      鉁?30鍒嗛挓鍐呬笉浼氳秴鏍?

   [鐕冪儳鏁堢巼 (%)]
      瓒嬪娍鏂瑰悜: 骞崇ǔ (鏂滅巼=0.0001)
      褰撳墠鍊? 90.8
      鍘嗗彶鐐规暟: 462
      棰勬祴鐐规暟: 30
      缃俊鍖洪棿: 娈嬪樊卤0.80
      鉁?30鍒嗛挓鍐呬笉浼氳秴鏍?

7. 妫€鏌ユ暟鎹簱瀛樺偍...
   鍋ュ悍璇勫垎璁板綍宸蹭繚瀛?
     鏃堕棿: 2026-06-14T10:50:52.231800
     鐕冪儳: 73.1
     姹芥按: 68.3
     鎺掓斁: 19.6
     鏁堢巼: 58.0
     鎬讳綋: 55.5

   棰勬祴鎬у憡璀︽暟: 0

8. 妫€鏌ョ幆褰㈠浘鏋勫缓鍑芥暟...
   score=95: color=#00FF88, traces=1
   score=72: color=#FFB800, traces=1
   score=45: color=#FF4D6D, traces=1
   score=0: color=#FF4D6D, traces=1
   鉁?鐜舰鍥炬瀯寤烘垚鍔?

============================================================
鎵€鏈夋祴璇曞畬鎴?
============================================================
